Archive member included to satisfy reference by file (symbol)

C:/ST/STM32CubeIDE_1.19.0/STM32CubeIDE/plugins/com.st.stm32cube.ide.mcu.externaltools.gnu-tools-for-stm32.13.3.rel1.win32_1.0.0.202411081344/tools/bin/../lib/gcc/arm-none-eabi/13.3.1/../../../../arm-none-eabi/lib/thumb/v8-m.main+fp/hard\libc_nano.a(libc_a-exit.o)
                              C:/ST/STM32CubeIDE_1.19.0/STM32CubeIDE/plugins/com.st.stm32cube.ide.mcu.externaltools.gnu-tools-for-stm32.13.3.rel1.win32_1.0.0.202411081344/tools/bin/../lib/gcc/arm-none-eabi/13.3.1/../../../../arm-none-eabi/lib/thumb/v8-m.main+fp/hard/crt0.o (exit)
C:/ST/STM32CubeIDE_1.19.0/STM32CubeIDE/plugins/com.st.stm32cube.ide.mcu.externaltools.gnu-tools-for-stm32.13.3.rel1.win32_1.0.0.202411081344/tools/bin/../lib/gcc/arm-none-eabi/13.3.1/../../../../arm-none-eabi/lib/thumb/v8-m.main+fp/hard\libc_nano.a(libc_a-findfp.o)
                              C:/ST/STM32CubeIDE_1.19.0/STM32CubeIDE/plugins/com.st.stm32cube.ide.mcu.externaltools.gnu-tools-for-stm32.13.3.rel1.win32_1.0.0.202411081344/tools/bin/../lib/gcc/arm-none-eabi/13.3.1/../../../../arm-none-eabi/lib/thumb/v8-m.main+fp/hard\libc_nano.a(libc_a-exit.o) (__stdio_exit_handler)
C:/ST/STM32CubeIDE_1.19.0/STM32CubeIDE/plugins/com.st.stm32cube.ide.mcu.externaltools.gnu-tools-for-stm32.13.3.rel1.win32_1.0.0.202411081344/tools/bin/../lib/gcc/arm-none-eabi/13.3.1/../../../../arm-none-eabi/lib/thumb/v8-m.main+fp/hard\libc_nano.a(libc_a-fwalk.o)
                              C:/ST/STM32CubeIDE_1.19.0/STM32CubeIDE/plugins/com.st.stm32cube.ide.mcu.externaltools.gnu-tools-for-stm32.13.3.rel1.win32_1.0.0.202411081344/tools/bin/../lib/gcc/arm-none-eabi/13.3.1/../../../../arm-none-eabi/lib/thumb/v8-m.main+fp/hard\libc_nano.a(libc_a-findfp.o) (_fwalk_sglue)
C:/ST/STM32CubeIDE_1.19.0/STM32CubeIDE/plugins/com.st.stm32cube.ide.mcu.externaltools.gnu-tools-for-stm32.13.3.rel1.win32_1.0.0.202411081344/tools/bin/../lib/gcc/arm-none-eabi/13.3.1/../../../../arm-none-eabi/lib/thumb/v8-m.main+fp/hard\libc_nano.a(libc_a-printf.o)
                              ./Src/alarm.o (printf)
C:/ST/STM32CubeIDE_1.19.0/STM32CubeIDE/plugins/com.st.stm32cube.ide.mcu.externaltools.gnu-tools-for-stm32.13.3.rel1.win32_1.0.0.202411081344/tools/bin/../lib/gcc/arm-none-eabi/13.3.1/../../../../arm-none-eabi/lib/thumb/v8-m.main+fp/hard\libc_nano.a(libc_a-sprintf.o)
                              ./Src/game.o (sprintf)
C:/ST/STM32CubeIDE_1.19.0/STM32CubeIDE/plugins/com.st.stm32cube.ide.mcu.externaltools.gnu-tools-for-stm32.13.3.rel1.win32_1.0.0.202411081344/tools/bin/../lib/gcc/arm-none-eabi/13.3.1/../../../../arm-none-eabi/lib/thumb/v8-m.main+fp/hard\libc_nano.a(libc_a-stdio.o)
                              C:/ST/STM32CubeIDE_1.19.0/STM32CubeIDE/plugins/com.st.stm32cube.ide.mcu.externaltools.gnu-tools-for-stm32.13.3.rel1.win32_1.0.0.202411081344/tools/bin/../lib/gcc/arm-none-eabi/13.3.1/../../../../arm-none-eabi/lib/thumb/v8-m.main+fp/hard\libc_nano.a(libc_a-findfp.o) (__sread)
C:/ST/STM32CubeIDE_1.19.0/STM32CubeIDE/plugins/com.st.stm32cube.ide.mcu.externaltools.gnu-tools-for-stm32.13.3.rel1.win32_1.0.0.202411081344/tools/bin/../lib/gcc/arm-none-eabi/13.3.1/../../../../arm-none-eabi/lib/thumb/v8-m.main+fp/hard\libc_nano.a(libc_a-vsnprintf.o)
                              ./Src/display.o (vsnprintf)
C:/ST/STM32CubeIDE_1.19.0/STM32CubeIDE/plugins/com.st.stm32cube.ide.mcu.externaltools.gnu-tools-for-stm32.13.3.rel1.win32_1.0.0.202411081344/tools/bin/../lib/gcc/arm-none-eabi/13.3.1/../../../../arm-none-eabi/lib/thumb/v8-m.main+fp/hard\libc_nano.a(libc_a-memset.o)
                              C:/ST/STM32CubeIDE_1.19.0/STM32CubeIDE/plugins/com.st.stm32cube.ide.mcu.externaltools.gnu-tools-for-stm32.13.3.rel1.win32_1.0.0.202411081344/tools/bin/../lib/gcc/arm-none-eabi/13.3.1/../../../../arm-none-eabi/lib/thumb/v8-m.main+fp/hard/crt0.o (memset)
C:/ST/STM32CubeIDE_1.19.0/STM32CubeIDE/plugins/com.st.stm32cube.ide.mcu.externaltools.gnu-tools-for-stm32.13.3.rel1.win32_1.0.0.202411081344/tools/bin/../lib/gcc/arm-none-eabi/13.3.1/../../../../arm-none-eabi/lib/thumb/v8-m.main+fp/hard\libc_nano.a(libc_a-closer.o)
                              C:/ST/STM32CubeIDE_1.19.0/STM32CubeIDE/plugins/com.st.stm32cube.ide.mcu.externaltools.gnu-tools-for-stm32.13.3.rel1.win32_1.0.0.202411081344/tools/bin/../lib/gcc/arm-none-eabi/13.3.1/../../../../arm-none-eabi/lib/thumb/v8-m.main+fp/hard\libc_nano.a(libc_a-stdio.o) (_close_r)
C:/ST/STM32CubeIDE_1.19.0/STM32CubeIDE/plugins/com.st.stm32cube.ide.mcu.externaltools.gnu-tools-for-stm32.13.3.rel1.win32_1.0.0.202411081344/tools/bin/../lib/gcc/arm-none-eabi/13.3.1/../../../../arm-none-eabi/lib/thumb/v8-m.main+fp/hard\libc_nano.a(libc_a-reent.o)
[...]
Memory Configuration

Name             Origin             Length             Attributes
RAM              0x20000000         0x00030000         xrw
RAM2             0x20030000         0x00010000         xrw
FLASH            0x08000000         0x00080000         xr
*default*        0x00000000         0xffffffff

Linker script and memory map

LOAD C:/ST/STM32CubeIDE_1.19.0/STM32CubeIDE/plugins/com.st.stm32cube.ide.mcu.externaltools.gnu-tools-for-stm32.13.3.rel1.win32_1.0.0.202411081344/tools/bin/../lib/gcc/arm-none-eabi/13.3.1/thumb/v8-m.main+fp/hard/crti.o
LOAD C:/ST/STM32CubeIDE_1.19.0/STM32CubeIDE/plugins/com.st.stm32cube.ide.mcu.externaltools.gnu-tools-for-stm32.13.3.rel1.win32_1.0.0.202411081344/tools/bin/../lib/gcc/arm-none-eabi/13.3.1/thumb/v8-m.main+fp/hard/crtbegin.o
LOAD C:/ST/STM32CubeIDE_1.19.0/STM32CubeIDE/plugins/com.st.stm32cube.ide.mcu.externaltools.gnu-tools-for-stm32.13.3.rel1.win32_1.0.0.202411081344/tools/bin/../lib/gcc/arm-none-eabi/13.3.1/../../../../arm-none-eabi/lib/thumb/v8-m.main+fp/hard/crt0.o
LOAD ./Src/alarm.o
LOAD ./Src/debug.o
LOAD ./Src/display.o
LOAD ./Src/game.o
LOAD ./Src/gpio.o
LOAD ./Src/i2c.o
LOAD ./Src/main.o
LOAD ./Src/syscalls.o
LOAD ./Src/sysmem.o
LOAD ./Src/systick.o
LOAD ./Startup/startup_stm32l552zetxq.o
START GROUP
LOAD C:/ST/STM32CubeIDE_1.19.0/STM32CubeIDE/plugins/com.st.stm32cube.ide.mcu.externaltools.gnu-tools-for-stm32.13.3.rel1.win32_1.0.0.202411081344/tools/bin/../lib/gcc/arm-none-eabi/13.3.1/../../../../arm-none-eabi/lib/thumb/v8-m.main+fp/hard\libc_nano.a
LOAD C:/ST/STM32CubeIDE_1.19.0/STM32CubeIDE/plugins/com.st.stm32cube.ide.mcu.externaltools.gnu-tools-for-stm32.13.3.rel1.win32_1.0.0.202411081344/tools/bin/../lib/gcc/arm-none-eabi/13.3.1/../../../../arm-none-eabi/lib/thumb/v8-m.main+fp/hard\libm.a
END GROUP
START GROUP
LOAD C:/ST/STM32CubeIDE_1.19.0/STM32CubeIDE/plugins/com.st.stm32cube.ide.mcu.externaltools.gnu-tools-for-stm32.13.3.rel1.win32_1.0.0.202411081344/tools/bin/../lib/gcc/arm-none-eabi/13.3.1/thumb/v8-m.main+fp/hard\libgcc.a
LOAD C:/ST/STM32CubeIDE_1.19.0/STM32CubeIDE/plugins/com.st.stm32cube.ide.mcu.externaltools.gnu-tools-for-stm32.13.3.rel1.win32_1.0.0.202411081344/tools/bin/../lib/gcc/arm-none-eabi/13.3.1/../../../../arm-none-eabi/lib/thumb/v8-m.main+fp/hard\libc_nano.a
END GROUP
START GROUP
LOAD C:/ST/STM32CubeIDE_1.19.0/STM32CubeIDE/plugins/com.st.stm32cube.ide.mcu.externaltools.gnu-tools-for-stm32.13.3.rel1.win32_1.0.0.202411081344/tools/bin/../lib/gcc/arm-none-eabi/13.3.1/thumb/v8-m.main+fp/hard\libgcc.a
LOAD C:/ST/STM32CubeIDE_1.19.0/STM32CubeIDE/plugins/com.st.stm32cube.ide.mcu.externaltools.gnu-tools-for-stm32.13.3.rel1.win32_1.0.0.202411081344/tools/bin/../lib/gcc/arm-none-eabi/13.3.1/../../../../arm-none-eabi/lib/thumb/v8-m.main+fp/hard\libc_nano.a
LOAD C:/ST/STM32CubeIDE_1.19.0/STM32CubeIDE/plugins/com.st.stm32cube.ide.mcu.externaltools.gnu-tools-for-stm32.13.3.rel1.win32_1.0.0.202411081344/tools/bin/../lib/gcc/arm-none-eabi/13.3.1/../../../../arm-none-eabi/lib/thumb/v8-m.main+fp/hard\libnosys.a
END GROUP
START GROUP
LOAD C:/ST/STM32CubeIDE_1.19.0/STM32CubeIDE/plugins/com.st.stm32cube.ide.mcu.externaltools.gnu-tools-for-stm32.13.3.rel1.win32_1.0.0.202411081344/tools/bin/../lib/gcc/arm-none-eabi/13.3.1/thumb/v8-m.main+fp/hard\libgcc.a
LOAD C:/ST/STM32CubeIDE_1.19.0/STM32CubeIDE/plugins/com.st.stm32cube.ide.mcu.externaltools.gnu-tools-for-stm32.13.3.rel1.win32_1.0.0.202411081344/tools/bin/../lib/gcc/arm-none-eabi/13.3.1/../../../../arm-none-eabi/lib/thumb/v8-m.main+fp/hard\libc_nano.a
LOAD C:/ST/STM32CubeIDE_1.19.0/STM32CubeIDE/plugins/com.st.stm32cube.ide.mcu.externaltools.gnu-tools-for-stm32.13.3.rel1.win32_1.0.0.202411081344/tools/bin/../lib/gcc/arm-none-eabi/13.3.1/../../../../arm-none-eabi/lib/thumb/v8-m.main+fp/hard\libnosys.a
END GROUP
LOAD C:/ST/STM32CubeIDE_1.19.0/STM32CubeIDE/plugins/com.st.stm32cube.ide.mcu.externaltools.gnu-tools-for-stm32.13.3.rel1.win32_1.0.0.202411081344/tools/bin/../lib/gcc/arm-none-eabi/13.3.1/thumb/v8-m.main+fp/hard/crtend.o
LOAD C:/ST/STM32CubeIDE_1.19.0/STM32CubeIDE/plugins/com.st.stm32cube.ide.mcu.externaltools.gnu-tools-for-stm32.13.3.rel1.win32_1.0.0.202411081344/tools/bin/../lib/gcc/arm-none-eabi/13.3.1/thumb/v8-m.main+fp/hard/crtn.o
                0x20030000                        _estack = (ORIGIN (RAM) + LENGTH (RAM))
                0x00000200                        _Min_Heap_Size = 0x200
                0x00000400                        _Min_Stack_Size = 0x400

.isr_vector     0x08000000      0x1f0
                0x08000000                        . = ALIGN (0x4)
 *(.isr_vector)
 .isr_vector    0x08000000      0x1f0 ./Startup/startup_stm32l552zetxq.o
                0x08000000                g_pfnVectors
                0x080001f0                        . = ALIGN (0x4)

.text           0x080001f0     0x1db0
                0x080001f0                        . = ALIGN (0x4)
 *(.text)
 .text          0x080001f0       0x40 C:/ST/STM32CubeIDE_1.19.0/STM32CubeIDE/plugins/com.st.stm32cube.ide.mcu.externaltools.gnu-tools-for-stm32.13.3.rel1.win32_1.0.0.202411081344/tools/bin/../lib/gcc/arm-none-eabi/13.3.1/thumb/v8-m.main+fp/hard/crtbegin.o
 *(.text*)
 .text.DisplayEnable
                0x08000230       0x28 ./Src/display.o
                0x08000230                DisplayEnable
 .text.DisplayPrint
                0x08000258       0x78 ./Src/display.o
                0x08000258                DisplayPrint
 .text.DisplayColor
                0x080002d0       0x48 ./Src/display.o
                0x080002d0                DisplayColor
 .text.UpdateDisplay
                0x08000318       0xac ./Src/display.o
                0x08000318                UpdateDisplay
 .text.Init_Game
                0x080003c4       0x80 ./Src/game.o
                0x080003c4                Init_Game
 .text.Task_Game
                0x08000444      0x938 ./Src/game.o
                0x08000444                Task_Game
 .text.GPIO_Enable
                0x08000d7c       0x1c ./Src/gpio.o
                0x08000d7c                GPIO_Enable
 .text.GPIO_PortEnable
                0x08000d98       0x4c ./Src/gpio.o
                0x08000d98                GPIO_PortEnable
 .text.GPIO_Mode
                0x08000de4       0x50 ./Src/gpio.o
                0x08000de4                GPIO_Mode
 .text.GPIO_Config
                0x08000e34       0xaa ./Src/gpio.o
                0x08000e34                GPIO_Config
 .text.GPIO_AltFunc
                0x08000ede       0x86 ./Src/gpio.o
                0x08000ede                GPIO_AltFunc
 .text.GPIO_PortInput
                0x08000f64       0x1a ./Src/gpio.o
                0x08000f64                GPIO_PortInput
 .text.GPIO_PortOutput
                0x08000f7e       0x1e ./Src/gpio.o
                0x08000f7e                GPIO_PortOutput
 .text.GPIO_IRQHandler
                0x08000f9c       0xa8 ./Src/gpio.o
                0x08000f9c                GPIO_IRQHandler
 .text.EXTI0_IRQHandler
                0x08001044        0xe ./Src/gpio.o
                0x08001044                EXTI0_IRQHandler
 .text.EXTI1_IRQHandler
                0x08001052        0xe ./Src/gpio.o
                0x08001052                EXTI1_IRQHandler
 .text.EXTI2_IRQHandler
                0x08001060        0xe ./Src/gpio.o
                0x08001060                EXTI2_IRQHandler
 .text.EXTI3_IRQHandler
                0x0800106e        0xe ./Src/gpio.o
                0x0800106e                EXTI3_IRQHandler
 .text.EXTI4_IRQHandler
                0x0800107c        0xe ./Src/gpio.o
                0x0800107c                EXTI4_IRQHandler
 .text.EXTI5_IRQHandler
                0x0800108a        0xe ./Src/gpio.o
                0x0800108a                EXTI5_IRQHandler
 .text.EXTI6_IRQHandler
                0x08001098        0xe ./Src/gpio.o
                0x08001098                EXTI6_IRQHandler
 .text.EXTI7_IRQHandler
                0x080010a6        0xe ./Src/gpio.o
                0x080010a6                EXTI7_IRQHandler
 .text.EXTI8_IRQHandler
                0x080010b4        0xe ./Src/gpio.o
                0x080010b4                EXTI8_IRQHandler
 .text.EXTI9_IRQHandler
                0x080010c2        0xe ./Src/gpio.o
                0x080010c2                EXTI9_IRQHandler
 .text.EXTI10_IRQHandler
                0x080010d0        0xe ./Src/gpio.o
                0x080010d0                EXTI10_IRQHandler
 .text.EXTI11_IRQHandler
                0x080010de        0xe ./Src/gpio.o
                0x080010de                EXTI11_IRQHandler
 .text.EXTI12_IRQHandler
                0x080010ec        0xe ./Src/gpio.o
                0x080010ec                EXTI12_IRQHandler
 .text.EXTI13_IRQHandler
                0x080010fa        0xe ./Src/gpio.o
                0x080010fa                EXTI13_IRQHandler
 .text.EXTI14_IRQHandler
                0x08001108        0xe ./Src/gpio.o
                0x08001108                EXTI14_IRQHandler
 .text.EXTI15_IRQHandler
                0x08001116        0xe ./Src/gpio.o
                0x08001116                EXTI15_IRQHandler
 .text.UpdateIOExpanders
                0x08001124       0x60 ./Src/gpio.o
                0x08001124                UpdateIOExpanders
 .text.I2C_Enable
                0x08001184      0x110 ./Src/i2c.o
                0x08001184                I2C_Enable
 .text.I2C_Request
                0x08001294       0x48 ./Src/i2c.o
                0x08001294                I2C_Request
 .text.ServiceI2CRequests
                0x080012dc       0xec ./Src/i2c.o
                0x080012dc                ServiceI2CRequests
 .text.main     0x080013c8       0x38 ./Src/main.o
                0x080013c8                main
 .text._sbrk    0x08001400       0x6c ./Src/sysmem.o
                0x08001400                _sbrk
 .text.StartSysTick
                0x0800146c       0x3c ./Src/systick.o
                0x0800146c                StartSysTick
 .text.SysTick_Handler
                0x080014a8       0x1c ./Src/systick.o
                0x080014a8                SysTick_Handler
 .text.WaitForSysTick
                0x080014c4       0x2c ./Src/systick.o
                0x080014c4                WaitForSysTick
 .text.msDelay  0x080014f0       0x2a ./Src/systick.o
                0x080014f0                msDelay
 *fill*         0x0800151a        0x2 
 .text.TimeNow  0x0800151c       0x18 ./Src/systick.o
                0x0800151c                TimeNow
 .text.TimePassed
                0x08001534       0x34 ./Src/systick.o
                0x08001534                TimePassed
 .text.Reset_Handler
                0x08001568       0x50 ./Startup/startup_stm32l552zetxq.o
                0x08001568                Reset_Handler
 .text.Default_Handler
                0x080015b8        0x2 ./Startup/startup_stm32l552zetxq.o
                0x080015b8                TIM8_TRG_COM_IRQHandler
                0x080015b8                TIM8_CC_IRQHandler
                0x080015b8                DMA2_CH8_IRQHandler
                0x080015b8                DebugMon_Handler
                0x080015b8                FLASH_S_IRQHandler
                0x080015b8                TIM1_CC_IRQHandler
                0x080015b8                TSC_IRQHandler
                0x080015b8                HardFault_Handler
                0x080015b8                TAMP_IRQHandler
                0x080015b8                TIM6_IRQHandler
                0x080015b8                PendSV_Handler
                0x080015b8                NMI_Handler
                0x080015b8                LPTIM2_IRQHandler
                0x080015b8                DFSDM1_FLT1_IRQHandler
                0x080015b8                USB_FS_IRQHandler
                0x080015b8                I2C3_ER_IRQHandler
                0x080015b8                DFSDM1_FLT2_IRQHandler
                0x080015b8                LPTIM3_IRQHandler
                0x080015b8                I2C2_EV_IRQHandler
                0x080015b8                DMA2_CH1_IRQHandler
                0x080015b8                FDCAN1_IT1_IRQHandler
                0x080015b8                DMA2_CH7_IRQHandler
                0x080015b8                UsageFault_Handler
                0x080015b8                ADC1_2_IRQHandler
                0x080015b8                SPI1_IRQHandler
                0x080015b8                OCTOSPI1_IRQHandler
                0x080015b8                TIM8_UP_IRQHandler
                0x080015b8                RCC_S_IRQHandler
                0x080015b8                DMA1_Channel4_IRQHandler
                0x080015b8                SAI2_IRQHandler
                0x080015b8                DFSDM1_FLT3_IRQHandler
                0x080015b8                TIM17_IRQHandler
                0x080015b8                USART3_IRQHandler
                0x080015b8                RTC_IRQHandler
                0x080015b8                DMA1_Channel7_IRQHandler
                0x080015b8                UART5_IRQHandler
                0x080015b8                TIM4_IRQHandler
                0x080015b8                I2C1_EV_IRQHandler
                0x080015b8                DMA2_CH5_IRQHandler
                0x080015b8                DMAMUX1_OVR_IRQHandler
                0x080015b8                DMA1_Channel6_IRQHandler
                0x080015b8                TIM16_IRQHandler
                0x080015b8                UART4_IRQHandler
                0x080015b8                SecureFault_Handler
                0x080015b8                TIM3_IRQHandler
                0x080015b8                RCC_IRQHandler
                0x080015b8                TIM1_TRG_COM_IRQHandler
                0x080015b8                DMA1_Channel1_IRQHandler
                0x080015b8                Default_Handler
                0x080015b8                DMAMUX1_OVR_S_IRQHandler
                0x080015b8                DMA1_Channel8_IRQHandler
                0x080015b8                TIM7_IRQHandler
                0x080015b8                SDMMC1_IRQHandler
                0x080015b8                TIM5_IRQHandler
                0x080015b8                UCPD1_IRQHandler
                0x080015b8                TIM15_IRQHandler
                0x080015b8                I2C3_EV_IRQHandler
                0x080015b8                PVD_PVM_IRQHandler
                0x080015b8                SPI2_IRQHandler
                0x080015b8                MemManage_Handler
                0x080015b8                SVC_Handler
                0x080015b8                CRS_IRQHandler
                0x080015b8                DMA1_Channel5_IRQHandler
                0x080015b8                RTC_S_IRQHandler
                0x080015b8                RNG_IRQHandler
                0x080015b8                DMA1_Channel3_IRQHandler
                0x080015b8                COMP_IRQHandler
                0x080015b8                TIM1_UP_IRQHandler
                0x080015b8                WWDG_IRQHandler
                0x080015b8                I2C4_EV_IRQHandler
                0x080015b8                LPUART1_IRQHandler
                0x080015b8                FDCAN1_IT0_IRQHandler
                0x080015b8                TIM2_IRQHandler
                0x080015b8                TAMP_S_IRQHandler
                0x080015b8                TIM1_BRK_IRQHandler
                0x080015b8                DAC_IRQHandler
                0x080015b8                GTZC_IRQHandler
                0x080015b8                USART2_IRQHandler
                0x080015b8                DFSDM1_FLT0_IRQHandler
                0x080015b8                I2C2_ER_IRQHandler
                0x080015b8                DMA1_Channel2_IRQHandler
                0x080015b8                TIM8_BRK_IRQHandler
                0x080015b8                FLASH_IRQHandler
                0x080015b8                BusFault_Handler
                0x080015b8                USART1_IRQHandler
                0x080015b8                SPI3_IRQHandler
                0x080015b8                DMA2_CH6_IRQHandler
                0x080015b8                DMA2_CH3_IRQHandler
                0x080015b8                DMA2_CH2_IRQHandler
                0x080015b8                I2C1_ER_IRQHandler
                0x080015b8                FMC_IRQHandler
                0x080015b8                DMA2_CH4_IRQHandler
                0x080015b8                LPTIM1_IRQHandler
                0x080015b8                I2C4_ER_IRQHandler
                0x080015b8                ICACHE_IRQHandler
                0x080015b8                SAI1_IRQHandler
                0x080015b8                HASH_IRQHandler
 *fill*         0x080015ba        0x2 
 .text.sprintf  0x080015bc       0x44 C:/ST/STM32CubeIDE_1.19.0/STM32CubeIDE/plugins/com.st.stm32cube.ide.mcu.externaltools.gnu-tools-for-stm32.13.3.rel1.win32_1.0.0.202411081344/tools/bin/../lib/gcc/arm-none-eabi/13.3.1/../../../../arm-none-eabi/lib/thumb/v8-m.main+fp/hard\libc_nano.a(libc_a-sprintf.o)
                0x080015bc                siprintf
                0x080015bc                sprintf
 .text._vsnprintf_r
                0x08001600       0x5c C:/ST/STM32CubeIDE_1.19.0/STM32CubeIDE/plugins/com.st.stm32cube.ide.mcu.externaltools.gnu-tools-for-stm32.13.3.rel1.win32_1.0.0.202411081344/tools/bin/../lib/gcc/arm-none-eabi/13.3.1/../../../../arm-none-eabi/lib/thumb/v8-m.main+fp/hard\libc_nano.a(libc_a-vsnprintf.o)
                0x08001600                _vsniprintf_r
                0x08001600                _vsnprintf_r
 .text.vsnprintf
                0x0800165c       0x1c C:/ST/STM32CubeIDE_1.19.0/STM32CubeIDE/plugins/com.st.stm32cube.ide.mcu.externaltools.gnu-tools-for-stm32.13.3.rel1.win32_1.0.0.202411081344/tools/bin/../lib/gcc/arm-none-eabi/13.3.1/../../../../arm-none-eabi/lib/thumb/v8-m.main+fp/hard\libc_nano.a(libc_a-vsnprintf.o)
                0x0800165c                vsniprintf
                0x0800165c                vsnprintf
 .text.__errno  0x08001678        0xc C:/ST/STM32CubeIDE_1.19.0/STM32CubeIDE/plugins/com.st.stm32cube.ide.mcu.externaltools.gnu-tools-for-stm32.13.3.rel1.win32_1.0.0.202411081344/tools/bin/../lib/gcc/arm-none-eabi/13.3.1/../../../../arm-none-eabi/lib/thumb/v8-m.main+fp/hard\libc_nano.a(libc_a-errno.o)
                0x08001678                __errno
 .text.__libc_init_array
                0x08001684       0x48 C:/ST/STM32CubeIDE_1.19.0/STM32CubeIDE/plugins/com.st.stm32cube.ide.mcu.externaltools.gnu-tools-for-stm32.13.3.rel1.win32_1.0.0.202411081344/tools/bin/../lib/gcc/arm-none-eabi/13.3.1/../../../../arm-none-eabi/lib/thumb/v8-m.main+fp/hard\libc_nano.a(libc_a-init.o)
                0x08001684                __libc_init_array
 .text.__retarget_lock_acquire_recursive
                0x080016cc        0x2 C:/ST/STM32CubeIDE_1.19.0/STM32CubeIDE/plugins/com.st.stm32cube.ide.mcu.externaltools.gnu-tools-for-stm32.13.3.rel1.win32_1.0.0.202411081344/tools/bin/../lib/gcc/arm-none-eabi/13.3.1/../../../../arm-none-eabi/lib/thumb/v8-m.main+fp/hard\libc_nano.a(libc_a-lock.o)
                0x080016cc                __retarget_lock_acquire_recursive
 .text.__retarget_lock_release_recursive
                0x080016ce        0x2 C:/ST/STM32CubeIDE_1.19.0/STM32CubeIDE/plugins/com.st.stm32cube.ide.mcu.externaltools.gnu-tools-for-stm32.13.3.rel1.win32_1.0.0.202411081344/tools/bin/../lib/gcc/arm-none-eabi/13.3.1/../../../../arm-none-eabi/lib/thumb/v8-m.main+fp/hard\libc_nano.a(libc_a-lock.o)
                0x080016ce                __retarget_lock_release_recursive
 .text._free_r  0x080016d0       0x94 C:/ST/STM32CubeIDE_1.19.0/STM32CubeIDE/plugins/com.st.stm32cube.ide.mcu.externaltools.gnu-tools-for-stm32.13.3.rel1.win32_1.0.0.202411081344/tools/bin/../lib/gcc/arm-none-eabi/13.3.1/../../../../arm-none-eabi/lib/thumb/v8-m.main+fp/hard\libc_nano.a(libc_a-freer.o)
                0x080016d0                _free_r
 .text.sbrk_aligned
                0x08001764       0x44 C:/ST/STM32CubeIDE_1.19.0/STM32CubeIDE/plugins/com.st.stm32cube.ide.mcu.externaltools.gnu-tools-for-stm32.13.3.rel1.win32_1.0.0.202411081344/tools/bin/../lib/gcc/arm-none-eabi/13.3.1/../../../../arm-none-eabi/lib/thumb/v8-m.main+fp/hard\libc_nano.a(libc_a-mallocr.o)
 .text._malloc_r
                0x080017a8      0x100 C:/ST/STM32CubeIDE_1.19.0/STM32CubeIDE/plugins/com.st.stm32cube.ide.mcu.externaltools.gnu-tools-for-stm32.13.3.rel1.win32_1.0.0.202411081344/tools/bin/../lib/gcc/arm-none-eabi/13.3.1/../../../../arm-none-eabi/lib/thumb/v8-m.main+fp/hard\libc_nano.a(libc_a-mallocr.o)
                0x080017a8                _malloc_r
 .text.__malloc_lock
                0x080018a8        0xc C:/ST/STM32CubeIDE_1.19.0/STM32CubeIDE/plugins/com.st.stm32cube.ide.mcu.externaltools.gnu-tools-for-stm32.13.3.rel1.win32_1.0.0.202411081344/tools/bin/../lib/gcc/arm-none-eabi/13.3.1/../../../../arm-none-eabi/lib/thumb/v8-m.main+fp/hard\libc_nano.a(libc_a-mlock.o)
                0x080018a8                __malloc_lock
 .text.__malloc_unlock
                0x080018b4        0xc C:/ST/STM32CubeIDE_1.19.0/STM32CubeIDE/plugins/com.st.stm32cube.ide.mcu.externaltools.gnu-tools-for-stm32.13.3.rel1.win32_1.0.0.202411081344/tools/bin/../lib/gcc/arm-none-eabi/13.3.1/../../../../arm-none-eabi/lib/thumb/v8-m.main+fp/hard\libc_nano.a(libc_a-mlock.o)
                0x080018b4                __malloc_unlock
 .text.__ssputs_r
                0x080018c0       0xb6 C:/ST/STM32CubeIDE_1.19.0/STM32CubeIDE/plugins/com.st.stm32cube.ide.mcu.externaltools.gnu-tools-for-stm32.13.3.rel1.win32_1.0.0.202411081344/tools/bin/../lib/gcc/arm-none-eabi/13.3.1/../../../../arm-none-eabi/lib/thumb/v8-m.main+fp/hard\libc_nano.a(libc_a-nano-svfprintf.o)
                0x080018c0                __ssputs_r
 *fill*         0x08001976        0x2 
 .text._svfprintf_r
                0x08001978      0x1f8 C:/ST/STM32CubeIDE_1.19.0/STM32CubeIDE/plugins/com.st.stm32cube.ide.mcu.externaltools.gnu-tools-for-stm32.13.3.rel1.win32_1.0.0.202411081344/tools/bin/../lib/gcc/arm-none-eabi/13.3.1/../../../../arm-none-eabi/lib/thumb/v8-m.main+fp/hard\libc_nano.a(libc_a-nano-svfprintf.o)
                0x08001978                _svfiprintf_r
                0x08001978                _svfprintf_r
 .text._printf_common
                0x08001b70       0xe4 C:/ST/STM32CubeIDE_1.19.0/STM32CubeIDE/plugins/com.st.stm32cube.ide.mcu.externaltools.gnu-tools-for-stm32.13.3.rel1.win32_1.0.0.202411081344/tools/bin/../lib/gcc/arm-none-eabi/13.3.1/../../../../arm-none-eabi/lib/thumb/v8-m.main+fp/hard\libc_nano.a(libc_a-nano-vfprintf_i.o)
                0x08001b70                _printf_common
 .text._printf_i
                0x08001c54      0x23c C:/ST/STM32CubeIDE_1.19.0/STM32CubeIDE/plugins/com.st.stm32cube.ide.mcu.externaltools.gnu-tools-for-stm32.13.3.rel1.win32_1.0.0.202411081344/tools/bin/../lib/gcc/arm-none-eabi/13.3.1/../../../../arm-none-eabi/lib/thumb/v8-m.main+fp/hard\libc_nano.a(libc_a-nano-vfprintf_i.o)
                0x08001c54                _printf_i
 .text.memmove  0x08001e90       0x34 C:/ST/STM32CubeIDE_1.19.0/STM32CubeIDE/plugins/com.st.stm32cube.ide.mcu.externaltools.gnu-tools-for-stm32.13.3.rel1.win32_1.0.0.202411081344/tools/bin/../lib/gcc/arm-none-eabi/13.3.1/../../../../arm-none-eabi/lib/thumb/v8-m.main+fp/hard\libc_nano.a(libc_a-memmove.o)
                0x08001e90                memmove
 .text._sbrk_r  0x08001ec4       0x20 C:/ST/STM32CubeIDE_1.19.0/STM32CubeIDE/plugins/com.st.stm32cube.ide.mcu.externaltools.gnu-tools-for-stm32.13.3.rel1.win32_1.0.0.202411081344/tools/bin/../lib/gcc/arm-none-eabi/13.3.1/../../../../arm-none-eabi/lib/thumb/v8-m.main+fp/hard\libc_nano.a(libc_a-sbrkr.o)
                0x08001ec4                _sbrk_r
 .text.memchr   0x08001ee4       0x1c C:/ST/STM32CubeIDE_1.19.0/STM32CubeIDE/plugins/com.st.stm32cube.ide.mcu.externaltools.gnu-tools-for-stm32.13.3.rel1.win32_1.0.0.202411081344/tools/bin/../lib/gcc/arm-none-eabi/13.3.1/../../../../arm-none-eabi/lib/thumb/v8-m.main+fp/hard\libc_nano.a(libc_a-memchr-stub.o)
                0x08001ee4                memchr
 .text.memcpy   0x08001f00       0x1a C:/ST/STM32CubeIDE_1.19.0/STM32CubeIDE/plugins/com.st.stm32cube.ide.mcu.externaltools.gnu-tools-for-stm32.13.3.rel1.win32_1.0.0.202411081344/tools/bin/../lib/gcc/arm-none-eabi/13.3.1/../../../../arm-none-eabi/lib/thumb/v8-m.main+fp/hard\libc_nano.a(libc_a-memcpy-stub.o)
                0x08001f00                memcpy
 .text._realloc_r
                0x08001f1a       0x5c C:/ST/STM32CubeIDE_1.19.0/STM32CubeIDE/plugins/com.st.stm32cube.ide.mcu.externaltools.gnu-tools-for-stm32.13.3.rel1.win32_1.0.0.202411081344/tools/bin/../lib/gcc/arm-none-eabi/13.3.1/../../../../arm-none-eabi/lib/thumb/v8-m.main+fp/hard\libc_nano.a(libc_a-reallocr.o)
                0x08001f1a                _realloc_r
 .text._malloc_usable_size_r
                0x08001f76       0x10 C:/ST/STM32CubeIDE_1.19.0/STM32CubeIDE/plugins/com.st.stm32cube.ide.mcu.externaltools.gnu-tools-for-stm32.13.3.rel1.win32_1.0.0.202411081344/tools/bin/../lib/gcc/arm-none-eabi/13.3.1/../../../../arm-none-eabi/lib/thumb/v8-m.main+fp/hard\libc_nano.a(libc_a-msizer.o)
                0x08001f76                _malloc_usable_size_r
 *(.glue_7)
 .glue_7        0x08001f86        0x0 linker stubs
 *(.glue_7t)
 .glue_7t       0x08001f86        0x0 linker stubs
 *(.eh_frame)
 *fill*         0x08001f86        0x2 
 .eh_frame      0x08001f88        0x0 C:/ST/STM32CubeIDE_1.19.0/STM32CubeIDE/plugins/com.st.stm32cube.ide.mcu.externaltools.gnu-tools-for-stm32.13.3.rel1.win32_1.0.0.202411081344/tools/bin/../lib/gcc/arm-none-eabi/13.3.1/thumb/v8-m.main+fp/hard/crtbegin.o
 *(.init)
 .init          0x08001f88        0x4 C:/ST/STM32CubeIDE_1.19.0/STM32CubeIDE/plugins/com.st.stm32cube.ide.mcu.externaltools.gnu-tools-for-stm32.13.3.rel1.win32_1.0.0.202411081344/tools/bin/../lib/gcc/arm-none-eabi/13.3.1/thumb/v8-m.main+fp/hard/crti.o
                0x08001f88                _init
 .init          0x08001f8c        0x8 C:/ST/STM32CubeIDE_1.19.0/STM32CubeIDE/plugins/com.st.stm32cube.ide.mcu.externaltools.gnu-tools-for-stm32.13.3.rel1.win32_1.0.0.202411081344/tools/bin/../lib/gcc/arm-none-eabi/13.3.1/thumb/v8-m.main+fp/hard/crtn.o
 *(.fini)
 .fini          0x08001f94        0x4 C:/ST/STM32CubeIDE_1.19.0/STM32CubeIDE/plugins/com.st.stm32cube.ide.mcu.externaltools.gnu-tools-for-stm32.13.3.rel1.win32_1.0.0.202411081344/tools/bin/../lib/gcc/arm-none-eabi/13.3.1/thumb/v8-m.main+fp/hard/crti.o
                0x08001f94                _fini
 .fini          0x08001f98        0x8 C:/ST/STM32CubeIDE_1.19.0/STM32CubeIDE/plugins/com.st.stm32cube.ide.mcu.externaltools.gnu-tools-for-stm32.13.3.rel1.win32_1.0.0.202411081344/tools/bin/../lib/gcc/arm-none-eabi/13.3.1/thumb/v8-m.main+fp/hard/crtn.o
                0x08001fa0                        . = ALIGN (0x4)
                0x08001fa0                        _etext = .

.vfp11_veneer   0x08001fa0        0x0
 .vfp11_veneer  0x08001fa0        0x0 linker stubs

.v4_bx          0x08001fa0        0x0
 .v4_bx         0x08001fa0        0x0 linker stubs

.iplt           0x08001fa0        0x0
 .iplt          0x08001fa0        0x0 C:/ST/STM32CubeIDE_1.19.0/STM32CubeIDE/plugins/com.st.stm32cube.ide.mcu.externaltools.gnu-tools-for-stm32.13.3.rel1.win32_1.0.0.202411081344/tools/bin/../lib/gcc/arm-none-eabi/13.3.1/thumb/v8-m.main+fp/hard/crtbegin.o

.rodata         0x08001fa0       0xfc
                0x08001fa0                        . = ALIGN (0x4)
 *(.rodata)
 .rodata        0x08001fa0       0xbf ./Src/game.o
 *(.rodata*)
 *fill*         0x0800205f        0x1 
 .rodata.txInit
                0x08002060        0x8 ./Src/display.o
 .rodata._svfprintf_r.str1.1
                0x08002068       0x33 C:/ST/STM32CubeIDE_1.19.0/STM32CubeIDE/plugins/com.st.stm32cube.ide.mcu.externaltools.gnu-tools-for-stm32.13.3.rel1.win32_1.0.0.202411081344/tools/bin/../lib/gcc/arm-none-eabi/13.3.1/../../../../arm-none-eabi/lib/thumb/v8-m.main+fp/hard\libc_nano.a(libc_a-nano-svfprintf.o)
                                 0x11 (size before relaxing)
 .rodata._printf_i.str1.1
                0x0800209b       0x22 C:/ST/STM32CubeIDE_1.19.0/STM32CubeIDE/plugins/com.st.stm32cube.ide.mcu.externaltools.gnu-tools-for-stm32.13.3.rel1.win32_1.0.0.202411081344/tools/bin/../lib/gcc/arm-none-eabi/13.3.1/../../../../arm-none-eabi/lib/thumb/v8-m.main+fp/hard\libc_nano.a(libc_a-nano-vfprintf_i.o)
                0x080020c0                        . = ALIGN (0x4)
 *fill*         0x0800209b        0x1 

.ARM.extab      0x0800209c        0x0
                0x0800209c                        . = ALIGN (0x4)
 *(.ARM.extab* .gnu.linkonce.armextab.*)
                0x0800209c                        . = ALIGN (0x4)

.ARM            0x0800209c        0x0
                0x0800209c                        . = ALIGN (0x4)
                0x0800209c                        __exidx_start = .
 *(.ARM.exidx*)
                0x0800209c                        __exidx_end = .
                0x0800209c                        . = ALIGN (0x4)

.preinit_array  0x0800209c        0x0
                0x0800209c                        . = ALIGN (0x4)
                0x0800209c                        PROVIDE (__preinit_array_start = .)
 *(.preinit_array*)
                0x0800209c                        PROVIDE (__preinit_array_end = .)
                0x0800209c                        . = ALIGN (0x4)

.init_array     0x0800209c        0x4
                0x0800209c                        . = ALIGN (0x4)
                0x0800209c                        PROVIDE (__init_array_start = .)
 *(SORT_BY_NAME(.init_array.*))
 *(.init_array*)
 .init_array    0x0800209c        0x4 C:/ST/STM32CubeIDE_1.19.0/STM32CubeIDE/plugins/com.st.stm32cube.ide.mcu.externaltools.gnu-tools-for-stm32.13.3.rel1.win32_1.0.0.202411081344/tools/bin/../lib/gcc/arm-none-eabi/13.3.1/thumb/v8-m.main+fp/hard/crtbegin.o
                0x080020a0                        PROVIDE (__init_array_end = .)
                0x080020a0                        . = ALIGN (0x4)

.fini_array     0x080020a0        0x4
                0x080020a0                        . = ALIGN (0x4)
                [!provide]                        PROVIDE (__fini_array_start = .)
 *(SORT_BY_NAME(.fini_array.*))
 *(.fini_array*)
 .fini_array    0x080020a0        0x4 C:/ST/STM32CubeIDE_1.19.0/STM32CubeIDE/plugins/com.st.stm32cube.ide.mcu.externaltools.gnu-tools-for-stm32.13.3.rel1.win32_1.0.0.202411081344/tools/bin/../lib/gcc/arm-none-eabi/13.3.1/thumb/v8-m.main+fp/hard/crtbegin.o
                [!provide]                        PROVIDE (__fini_array_end = .)
                0x080020a4                        . = ALIGN (0x4)
                0x080020a4                        _sidata = LOADADDR (.data)

.rel.dyn        0x080020a4        0x0
 .rel.iplt      0x080020a4        0x0 C:/ST/STM32CubeIDE_1.19.0/STM32CubeIDE/plugins/com.st.stm32cube.ide.mcu.externaltools.gnu-tools-for-stm32.13.3.rel1.win32_1.0.0.202411081344/tools/bin/../lib/gcc/arm-none-eabi/13.3.1/thumb/v8-m.main+fp/hard/crtbegin.o

.data           0x20000000      0x1b0 load address 0x080020a4
                0x20000000                        . = ALIGN (0x4)
                0x20000000                        _sdata = .
 *(.data)
 *(.data*)
 .data.txLine   0x20000000       0x28 ./Src/display.o
 .data.DispInit
                0x20000028       0x18 ./Src/display.o
 .data.DispLine
                0x20000040       0x30 ./Src/display.o
 .data.txRed    0x20000070        0x2 ./Src/display.o
 *fill*         0x20000072        0x2 
 .data.txGreen  0x20000074        0x2 ./Src/display.o
 *fill*         0x20000076        0x2 
 .data.txBlue   0x20000078        0x2 ./Src/display.o
 .data.updateBlt
                0x2000007a        0x1 ./Src/display.o
 *fill*         0x2000007b        0x1 
 .data.BltRed   0x2000007c       0x18 ./Src/display.o
 .data.BltGreen
                0x20000094       0x18 ./Src/display.o
 .data.BltBlue  0x200000ac       0x18 ./Src/display.o
 .data.P1serve  0x200000c4        0x1 ./Src/game.o
 *fill*         0x200000c5        0x3 
 .data.position
                0x200000c8        0x4 ./Src/game.o
 .data.firstServe
                0x200000cc        0x4 ./Src/game.o
 .data.speedTable
                0x200000d0        0xc ./Src/game.o
 .data.prevP1State.4
                0x200000dc        0x1 ./Src/game.o
 .data.prevP2State.3
                0x200000dd        0x1 ./Src/game.o
 *fill*         0x200000de        0x2 
 .data.IOX_GPIO_Regs
                0x200000e0       0x34 ./Src/gpio.o
                0x200000e0                IOX_GPIO_Regs
 .data.IOX_txData
                0x20000114        0x1 ./Src/gpio.o
 .data.IOX_rxData
                0x20000115        0x1 ./Src/gpio.o
 *fill*         0x20000116        0x2 
 .data.IOX_LEDs
                0x20000118       0x18 ./Src/gpio.o
 .data.IOX_PBs  0x20000130       0x18 ./Src/gpio.o
 .data.LeafyI2C
                0x20000148       0x14 ./Src/i2c.o
                0x20000148                LeafyI2C
 .data.n        0x2000015c        0x4 ./Src/i2c.o
 .data._impure_ptr
                0x20000160        0x4 C:/ST/STM32CubeIDE_1.19.0/STM32CubeIDE/plugins/com.st.stm32cube.ide.mcu.externaltools.gnu-tools-for-stm32.13.3.rel1.win32_1.0.0.202411081344/tools/bin/../lib/gcc/arm-none-eabi/13.3.1/../../../../arm-none-eabi/lib/thumb/v8-m.main+fp/hard\libc_nano.a(libc_a-impure.o)
                0x20000160                _impure_ptr
 .data._impure_data
                0x20000164       0x4c C:/ST/STM32CubeIDE_1.19.0/STM32CubeIDE/plugins/com.st.stm32cube.ide.mcu.externaltools.gnu-tools-for-stm32.13.3.rel1.win32_1.0.0.202411081344/tools/bin/../lib/gcc/arm-none-eabi/13.3.1/../../../../arm-none-eabi/lib/thumb/v8-m.main+fp/hard\libc_nano.a(libc_a-impure.o)
                0x20000164                _impure_data
 *(.RamFunc)
 *(.RamFunc*)
                0x200001b0                        . = ALIGN (0x4)
                0x200001b0                        _edata = .

.igot.plt       0x200001b0        0x0 load address 0x08002254
 .igot.plt      0x200001b0        0x0 C:/ST/STM32CubeIDE_1.19.0/STM32CubeIDE/plugins/com.st.stm32cube.ide.mcu.externaltools.gnu-tools-for-stm32.13.3.rel1.win32_1.0.0.202411081344/tools/bin/../lib/gcc/arm-none-eabi/13.3.1/thumb/v8-m.main+fp/hard/crtbegin.o
                0x200001b0                        . = ALIGN (0x4)

.bss            0x200001b0      0x22c load address 0x08002254
                0x200001b0                        _sbss = .
                0x200001b0                        __bss_start__ = _sbss
 *(.bss)
 .bss           0x200001b0       0x1c C:/ST/STM32CubeIDE_1.19.0/STM32CubeIDE/plugins/com.st.stm32cube.ide.mcu.externaltools.gnu-tools-for-stm32.13.3.rel1.win32_1.0.0.202411081344/tools/bin/../lib/gcc/arm-none-eabi/13.3.1/thumb/v8-m.main+fp/hard/crtbegin.o
 *(.bss*)
 .bss.updateLine
                0x200001cc        0x2 ./Src/display.o
 .bss.state     0x200001ce        0x1 ./Src/game.o
 *fill*         0x200001cf        0x1 
 .bss.timeShift
                0x200001d0        0x4 ./Src/game.o
 .bss.direction
                0x200001d4        0x4 ./Src/game.o
 .bss.reversed  0x200001d8        0x4 ./Src/game.o
 .bss.speedIndex
                0x200001dc        0x4 ./Src/game.o
 .bss.P1score   0x200001e0        0x4 ./Src/game.o
 .bss.P2score   0x200001e4        0x4 ./Src/game.o
 .bss.selectPressed
                0x200001e8        0x1 ./Src/game.o
 .bss.startHeld.10
                0x200001e9        0x1 ./Src/game.o
 *fill*         0x200001ea        0x2 
 .bss.startHoldTime.9
                0x200001ec        0x4 ./Src/game.o
 .bss.prevSelectState.8
                0x200001f0        0x1 ./Src/game.o
 .bss.prevStartStateTitle.7
                0x200001f1        0x1 ./Src/game.o
 *fill*         0x200001f2        0x2 
 .bss.serveStart.6
                0x200001f4        0x4 ./Src/game.o
 .bss.serveReady.5
                0x200001f8        0x1 ./Src/game.o
 *fill*         0x200001f9        0x3 
 .bss.flashTime.2
                0x200001fc        0x4 ./Src/game.o
 .bss.ledsOn.1  0x20000200        0x1 ./Src/game.o
 .bss.prevStartStateWin.0
                0x20000201        0x1 ./Src/game.o
 *fill*         0x20000202        0x2 
 .bss.callbacks
                0x20000204       0x80 ./Src/gpio.o
 .bss.head      0x20000284        0x4 ./Src/i2c.o
 .bss.tail      0x20000288        0x4 ./Src/i2c.o
 .bss.__sbrk_heap_end
                0x2000028c        0x4 ./Src/sysmem.o
 .bss.sysTime   0x20000290        0x4 ./Src/systick.o
 .bss.__sf      0x20000294      0x138 C:/ST/STM32CubeIDE_1.19.0/STM32CubeIDE/plugins/com.st.stm32cube.ide.mcu.externaltools.gnu-tools-for-stm32.13.3.rel1.win32_1.0.0.202411081344/tools/bin/../lib/gcc/arm-none-eabi/13.3.1/../../../../arm-none-eabi/lib/thumb/v8-m.main+fp/hard\libc_nano.a(libc_a-findfp.o)
                0x20000294                __sf
 .bss.errno     0x200003cc        0x4 C:/ST/STM32CubeIDE_1.19.0/STM32CubeIDE/plugins/com.st.stm32cube.ide.mcu.externaltools.gnu-tools-for-stm32.13.3.rel1.win32_1.0.0.202411081344/tools/bin/../lib/gcc/arm-none-eabi/13.3.1/../../../../arm-none-eabi/lib/thumb/v8-m.main+fp/hard\libc_nano.a(libc_a-reent.o)
                0x200003cc                errno
 .bss.__lock___malloc_recursive_mutex
                0x200003d0        0x1 C:/ST/STM32CubeIDE_1.19.0/STM32CubeIDE/plugins/com.st.stm32cube.ide.mcu.externaltools.gnu-tools-for-stm32.13.3.rel1.win32_1.0.0.202411081344/tools/bin/../lib/gcc/arm-none-eabi/13.3.1/../../../../arm-none-eabi/lib/thumb/v8-m.main+fp/hard\libc_nano.a(libc_a-lock.o)
                0x200003d0                __lock___malloc_recursive_mutex
 *fill*         0x200003d1        0x3 
 .bss.__malloc_sbrk_start
                0x200003d4        0x4 C:/ST/STM32CubeIDE_1.19.0/STM32CubeIDE/plugins/com.st.stm32cube.ide.mcu.externaltools.gnu-tools-for-stm32.13.3.rel1.win32_1.0.0.202411081344/tools/bin/../lib/gcc/arm-none-eabi/13.3.1/../../../../arm-none-eabi/lib/thumb/v8-m.main+fp/hard\libc_nano.a(libc_a-mallocr.o)
                0x200003d4                __malloc_sbrk_start
 .bss.__malloc_free_list
                0x200003d8        0x4 C:/ST/STM32CubeIDE_1.19.0/STM32CubeIDE/plugins/com.st.stm32cube.ide.mcu.externaltools.gnu-tools-for-stm32.13.3.rel1.win32_1.0.0.202411081344/tools/bin/../lib/gcc/arm-none-eabi/13.3.1/../../../../arm-none-eabi/lib/thumb/v8-m.main+fp/hard\libc_nano.a(libc_a-mallocr.o)
                0x200003d8                __malloc_free_list
 *(COMMON)
                0x200003dc                        . = ALIGN (0x4)
                0x200003dc                        _ebss = .
                0x200003dc                        __bss_end__ = _ebss

._user_heap_stack
                0x200003dc      0x604 load address 0x08002254
                0x200003e0                        . = ALIGN (0x8)
 *fill*         0x200003dc        0x4 
                [!provide]                        PROVIDE (end = .)
                0x200003e0                        PROVIDE (_end = .)
                0x200005e0                        . = (. + _Min_Heap_Size)
 *fill*         0x200003e0      0x200 
                0x200009e0                        . = (. + _Min_Stack_Size)
 *fill*         0x200005e0      0x400 
                0x200009e0                        . = ALIGN (0x8)

/DISCARD/
 libc.a(*)
 libm.a(*)
 libgcc.a(*)

.ARM.attributes
                0x00000000       0x36
 *(.ARM.attributes)
 .ARM.attributes
                0x00000000       0x26 C:/ST/STM32CubeIDE_1.19.0/STM32CubeIDE/plugins/com.st.stm32cube.ide.mcu.externaltools.gnu-tools-for-stm32.13.3.rel1.win32_1.0.0.202411081344/tools/bin/../lib/gcc/arm-none-eabi/13.3.1/thumb/v8-m.main+fp/hard/crti.o
 .ARM.attributes
                0x00000026       0x38 C:/ST/STM32CubeIDE_1.19.0/STM32CubeIDE/plugins/com.st.stm32cube.ide.mcu.externaltools.gnu-tools-for-stm32.13.3.rel1.win32_1.0.0.202411081344/tools/bin/../lib/gcc/arm-none-eabi/13.3.1/thumb/v8-m.main+fp/hard/crtbegin.o
 .ARM.attributes
                0x0000005e       0x3a ./Src/display.o
 .ARM.attributes
                0x00000098       0x3a ./Src/game.o
 .ARM.attributes
                0x000000d2       0x3a ./Src/gpio.o
 .ARM.attributes
                0x0000010c       0x3a ./Src/i2c.o
 .ARM.attributes
                0x00000146       0x3a ./Src/main.o
 .ARM.attributes
                0x00000180       0x3a ./Src/sysmem.o
 .ARM.attributes
                0x000001ba       0x3a ./Src/systick.o
 .ARM.attributes
                0x000001f4       0x24 ./Startup/startup_stm32l552zetxq.o
 .ARM.attributes
                0x00000218       0x38 C:/ST/STM32CubeIDE_1.19.0/STM32CubeIDE/plugins/com.st.stm32cube.ide.mcu.externaltools.gnu-tools-for-stm32.13.3.rel1.win32_1.0.0.202411081344/tools/bin/../lib/gcc/arm-none-eabi/13.3.1/../../../../arm-none-eabi/lib/thumb/v8-m.main+fp/hard\libc_nano.a(libc_a-findfp.o)
 .ARM.attributes
                0x00000250       0x38 C:/ST/STM32CubeIDE_1.19.0/STM32CubeIDE/plugins/com.st.stm32cube.ide.mcu.externaltools.gnu-tools-for-stm32.13.3.rel1.win32_1.0.0.202411081344/tools/bin/../lib/gcc/arm-none-eabi/13.3.1/../../../../arm-none-eabi/lib/thumb/v8-m.main+fp/hard\libc_nano.a(libc_a-sprintf.o)
 .ARM.attributes
                0x00000288       0x38 C:/ST/STM32CubeIDE_1.19.0/STM32CubeIDE/plugins/com.st.stm32cube.ide.mcu.externaltools.gnu-tools-for-stm32.13.3.rel1.win32_1.0.0.202411081344/tools/bin/../lib/gcc/arm-none-eabi/13.3.1/../../../../arm-none-eabi/lib/thumb/v8-m.main+fp/hard\libc_nano.a(libc_a-vsnprintf.o)
 .ARM.attributes
                0x000002c0       0x38 C:/ST/STM32CubeIDE_1.19.0/STM32CubeIDE/plugins/com.st.stm32cube.ide.mcu.externaltools.gnu-tools-for-stm32.13.3.rel1.win32_1.0.0.202411081344/tools/bin/../lib/gcc/arm-none-eabi/13.3.1/../../../../arm-none-eabi/lib/thumb/v8-m.main+fp/hard\libc_nano.a(libc_a-reent.o)
 .ARM.attributes
                0x000002f8       0x38 C:/ST/STM32CubeIDE_1.19.0/STM32CubeIDE/plugins/com.st.stm32cube.ide.mcu.externaltools.gnu-tools-for-stm32.13.3.rel1.win32_1.0.0.202411081344/tools/bin/../lib/gcc/arm-none-eabi/13.3.1/../../../../arm-none-eabi/lib/thumb/v8-m.main+fp/hard\libc_nano.a(libc_a-impure.o)
 .ARM.attributes
                0x00000330       0x38 C:/ST/STM32CubeIDE_1.19.0/STM32CubeIDE/plugins/com.st.stm32cube.ide.mcu.externaltools.gnu-tools-for-stm32.13.3.rel1.win32_1.0.0.202411081344/tools/bin/../lib/gcc/arm-none-eabi/13.3.1/../../../../arm-none-eabi/lib/thumb/v8-m.main+fp/hard\libc_nano.a(libc_a-errno.o)
 .ARM.attributes
                0x00000368       0x38 C:/ST/STM32CubeIDE_1.19.0/STM32CubeIDE/plugins/com.st.stm32cube.ide.mcu.externaltools.gnu-tools-for-stm32.13.3.rel1.win32_1.0.0.202411081344/tools/bin/../lib/gcc/arm-none-eabi/13.3.1/../../../../arm-none-eabi/lib/thumb/v8-m.main+fp/hard\libc_nano.a(libc_a-init.o)
 .ARM.attributes
                0x000003a0       0x38 C:/ST/STM32CubeIDE_1.19.0/STM32CubeIDE/plugins/com.st.stm32cube.ide.mcu.externaltools.gnu-tools-for-stm32.13.3.rel1.win32_1.0.0.202411081344/tools/bin/../lib/gcc/arm-none-eabi/13.3.1/../../../../arm-none-eabi/lib/thumb/v8-m.main+fp/hard\libc_nano.a(libc_a-lock.o)
 .ARM.attributes
                0x000003d8       0x38 C:/ST/STM32CubeIDE_1.19.0/STM32CubeIDE/plugins/com.st.stm32cube.ide.mcu.externaltools.gnu-tools-for-stm32.13.3.rel1.win32_1.0.0.202411081344/tools/bin/../lib/gcc/arm-none-eabi/13.3.1/../../../../arm-none-eabi/lib/thumb/v8-m.main+fp/hard\libc_nano.a(libc_a-freer.o)
 .ARM.attributes
                0x00000410       0x38 C:/ST/STM32CubeIDE_1.19.0/STM32CubeIDE/plugins/com.st.stm32cube.ide.mcu.externaltools.gnu-tools-for-stm32.13.3.rel1.win32_1.0.0.202411081344/tools/bin/../lib/gcc/arm-none-eabi/13.3.1/../../../../arm-none-eabi/lib/thumb/v8-m.main+fp/hard\libc_nano.a(libc_a-mallocr.o)
 .ARM.attributes
                0x00000448       0x38 C:/ST/STM32CubeIDE_1.19.0/STM32CubeIDE/plugins/com.st.stm32cube.ide.mcu.externaltools.gnu-tools-for-stm32.13.3.rel1.win32_1.0.0.202411081344/tools/bin/../lib/gcc/arm-none-eabi/13.3.1/../../../../arm-none-eabi/lib/thumb/v8-m.main+fp/hard\libc_nano.a(libc_a-mlock.o)
 .ARM.attributes
                0x00000480       0x38 C:/ST/STM32CubeIDE_1.19.0/STM32CubeIDE/plugins/com.st.stm32cube.ide.mcu.externaltools.gnu-tools-for-stm32.13.3.rel1.win32_1.0.0.202411081344/tools/bin/../lib/gcc/arm-none-eabi/13.3.1/../../../../arm-none-eabi/lib/thumb/v8-m.main+fp/hard\libc_nano.a(libc_a-nano-svfprintf.o)
 .ARM.attributes
                0x000004b8       0x38 C:/ST/STM32CubeIDE_1.19.0/STM32CubeIDE/plugins/com.st.stm32cube.ide.mcu.externaltools.gnu-tools-for-stm32.13.3.rel1.win32_1.0.0.202411081344/tools/bin/../lib/gcc/arm-none-eabi/13.3.1/../../../../arm-none-eabi/lib/thumb/v8-m.main+fp/hard\libc_nano.a(libc_a-nano-vfprintf_i.o)
 .ARM.attributes
                0x000004f0       0x38 C:/ST/STM32CubeIDE_1.19.0/STM32CubeIDE/plugins/com.st.stm32cube.ide.mcu.externaltools.gnu-tools-for-stm32.13.3.rel1.win32_1.0.0.202411081344/tools/bin/../lib/gcc/arm-none-eabi/13.3.1/../../../../arm-none-eabi/lib/thumb/v8-m.main+fp/hard\libc_nano.a(libc_a-memmove.o)
 .ARM.attributes
                0x00000528       0x38 C:/ST/STM32CubeIDE_1.19.0/STM32CubeIDE/plugins/com.st.stm32cube.ide.mcu.externaltools.gnu-tools-for-stm32.13.3.rel1.win32_1.0.0.202411081344/tools/bin/../lib/gcc/arm-none-eabi/13.3.1/../../../../arm-none-eabi/lib/thumb/v8-m.main+fp/hard\libc_nano.a(libc_a-sbrkr.o)
 .ARM.attributes
                0x00000560       0x38 C:/ST/STM32CubeIDE_1.19.0/STM32CubeIDE/plugins/com.st.stm32cube.ide.mcu.externaltools.gnu-tools-for-stm32.13.3.rel1.win32_1.0.0.202411081344/tools/bin/../lib/gcc/arm-none-eabi/13.3.1/../../../../arm-none-eabi/lib/thumb/v8-m.main+fp/hard\libc_nano.a(libc_a-memchr-stub.o)
 .ARM.attributes
                0x00000598       0x38 C:/ST/STM32CubeIDE_1.19.0/STM32CubeIDE/plugins/com.st.stm32cube.ide.mcu.externaltools.gnu-tools-for-stm32.13.3.rel1.win32_1.0.0.202411081344/tools/bin/../lib/gcc/arm-none-eabi/13.3.1/../../../../arm-none-eabi/lib/thumb/v8-m.main+fp/hard\libc_nano.a(libc_a-memcpy-stub.o)
 .ARM.attributes
                0x000005d0       0x38 C:/ST/STM32CubeIDE_1.19.0/STM32CubeIDE/plugins/com.st.stm32cube.ide.mcu.externaltools.gnu-tools-for-stm32.13.3.rel1.win32_1.0.0.202411081344/tools/bin/../lib/gcc/arm-none-eabi/13.3.1/../../../../arm-none-eabi/lib/thumb/v8-m.main+fp/hard\libc_nano.a(libc_a-reallocr.o)
 .ARM.attributes
                0x00000608       0x38 C:/ST/STM32CubeIDE_1.19.0/STM32CubeIDE/plugins/com.st.stm32cube.ide.mcu.externaltools.gnu-tools-for-stm32.13.3.rel1.win32_1.0.0.202411081344/tools/bin/../lib/gcc/arm-none-eabi/13.3.1/../../../../arm-none-eabi/lib/thumb/v8-m.main+fp/hard\libc_nano.a(libc_a-msizer.o)
 .ARM.attributes
                0x00000640       0x26 C:/ST/STM32CubeIDE_1.19.0/STM32CubeIDE/plugins/com.st.stm32cube.ide.mcu.externaltools.gnu-tools-for-stm32.13.3.rel1.win32_1.0.0.202411081344/tools/bin/../lib/gcc/arm-none-eabi/13.3.1/thumb/v8-m.main+fp/hard/crtn.o
OUTPUT(CEG3136_Lab2.elf elf32-littlearm)
LOAD linker stubs
LOAD C:/ST/STM32CubeIDE_1.19.0/STM32CubeIDE/plugins/com.st.stm32cube.ide.mcu.externaltools.gnu-tools-for-stm32.13.3.rel1.win32_1.0.0.202411081344/tools/bin/../lib/gcc/arm-none-eabi/13.3.1/../../../../arm-none-eabi/lib/thumb/v8-m.main+fp/hard\libc.a
LOAD C:/ST/STM32CubeIDE_1.19.0/STM32CubeIDE/plugins/com.st.stm32cube.ide.mcu.externaltools.gnu-tools-for-stm32.13.3.rel1.win32_1.0.0.202411081344/tools/bin/../lib/gcc/arm-none-eabi/13.3.1/../../../../arm-none-eabi/lib/thumb/v8-m.main+fp/hard\libm.a
LOAD C:/ST/STM32CubeIDE_1.19.0/STM32CubeIDE/plugins/com.st.stm32cube.ide.mcu.externaltools.gnu-tools-for-stm32.13.3.rel1.win32_1.0.0.202411081344/tools/bin/../lib/gcc/arm-none-eabi/13.3.1/thumb/v8-m.main+fp/hard\libgcc.a

.debug_info     0x00000000     0x30dc
 .debug_info    0x00000000      0x6a1 ./Src/display.o
 .debug_info    0x000006a1      0x5f2 ./Src/game.o
 .debug_info    0x00000c93     0x10ed ./Src/gpio.o
 .debug_info    0x00001d80      0x75c ./Src/i2c.o
 .debug_info    0x000024dc      0x310 ./Src/main.o
 .debug_info    0x000027ec      0x168 ./Src/sysmem.o
 .debug_info    0x00002954      0x758 ./Src/systick.o
 .debug_info    0x000030ac       0x30 ./Startup/startup_stm32l552zetxq.o

.debug_abbrev   0x00000000      0xc83
 .debug_abbrev  0x00000000      0x242 ./Src/display.o
 .debug_abbrev  0x00000242      0x1ca ./Src/game.o
 .debug_abbrev  0x0000040c      0x278 ./Src/gpio.o
 .debug_abbrev  0x00000684      0x1df ./Src/i2c.o
 .debug_abbrev  0x00000863      0x180 ./Src/main.o
 .debug_abbrev  0x000009e3       0xbc ./Src/sysmem.o
 .debug_abbrev  0x00000a9f      0x1c0 ./Src/systick.o
 .debug_abbrev  0x00000c5f       0x24 ./Startup/startup_stm32l552zetxq.o

.debug_aranges  0x00000000      0x240
 .debug_aranges
                0x00000000       0x38 ./Src/display.o
 .debug_aranges
                0x00000038       0x28 ./Src/game.o
 .debug_aranges
                0x00000060      0x100 ./Src/gpio.o
 .debug_aranges
                0x00000160       0x30 ./Src/i2c.o
 .debug_aranges
                0x00000190       0x20 ./Src/main.o
 .debug_aranges
                0x000001b0       0x20 ./Src/sysmem.o
 .debug_aranges
                0x000001d0       0x48 ./Src/systick.o
 .debug_aranges
                0x00000218       0x28 ./Startup/startup_stm32l552zetxq.o

.debug_rnglists
                0x00000000      0x191
 .debug_rnglists
                0x00000000       0x26 ./Src/display.o
 .debug_rnglists
                0x00000026       0x1b ./Src/game.o
 .debug_rnglists
                0x00000041       0xbf ./Src/gpio.o
 .debug_rnglists
                0x00000100       0x21 ./Src/i2c.o
 .debug_rnglists
                0x00000121       0x13 ./Src/main.o
 .debug_rnglists
                0x00000134       0x13 ./Src/sysmem.o
 .debug_rnglists
                0x00000147       0x31 ./Src/systick.o
 .debug_rnglists
                0x00000178       0x19 ./Startup/startup_stm32l552zetxq.o

.debug_macro    0x00000000      0xf3d
 .debug_macro   0x00000000      0x1fc ./Src/display.o
 .debug_macro   0x000001fc      0x190 ./Src/display.o
 .debug_macro   0x0000038c       0x3c ./Src/display.o
 .debug_macro   0x000003c8       0x4c ./Src/display.o
 .debug_macro   0x00000414       0x10 ./Src/display.o
 .debug_macro   0x00000424      0x20e ./Src/game.o
 .debug_macro   0x00000632      0x100 ./Src/gpio.o
 .debug_macro   0x00000732      0x1de ./Src/i2c.o
 .debug_macro   0x00000910      0x1fc ./Src/main.o
 .debug_macro   0x00000b0c      0x112 ./Src/sysmem.o
 .debug_macro   0x00000c1e      0x23c ./Src/sysmem.o
 .debug_macro   0x00000e5a       0xe3 ./Src/systick.o

.debug_line     0x00000000     0x378b
 .debug_line    0x00000000      0x772 ./Src/display.o
 .debug_line    0x00000772      0xb3d ./Src/game.o
 .debug_line    0x000012af      0xa7c ./Src/gpio.o
 .debug_line    0x00001d2b      0x7c8 ./Src/i2c.o
 .debug_line    0x000024f3      0x6cc ./Src/main.o
 .debug_line    0x00002bbf      0x583 ./Src/sysmem.o
 .debug_line    0x00003142      0x5ce ./Src/systick.o
 .debug_line    0x00003710       0x7b ./Startup/startup_stm32l552zetxq.o

.debug_str      0x00000000    0xaf9de
 .debug_str     0x00000000    0xaf9de ./Src/display.o
                              0xae7d7 (size before relaxing)
 .debug_str     0x000af9de    0xae7f6 ./Src/game.o
 .debug_str     0x000af9de    0xab8b1 ./Src/gpio.o
 .debug_str     0x000af9de    0xae7e2 ./Src/i2c.o
 .debug_str     0x000af9de    0xae5e0 ./Src/main.o
 .debug_str     0x000af9de     0x779c ./Src/sysmem.o
 .debug_str     0x000af9de    0xab052 ./Src/systick.o
 .debug_str     0x000af9de       0x6b ./Startup/startup_stm32l552zetxq.o

.comment        0x00000000       0x43
 .comment       0x00000000       0x43 ./Src/display.o
                                 0x44 (size before relaxing)
 .comment       0x00000043       0x44 ./Src/game.o
 .comment       0x00000043       0x44 ./Src/gpio.o
 .comment       0x00000043       0x44 ./Src/i2c.o
 .comment       0x00000043       0x44 ./Src/main.o
 .comment       0x00000043       0x44 ./Src/sysmem.o
 .comment       0x00000043       0x44 ./Src/systick.o

.debug_frame    0x00000000      0xc90
 .debug_frame   0x00000000       0xb8 ./Src/display.o
 .debug_frame   0x000000b8       0x54 ./Src/game.o
 .debug_frame   0x0000010c      0x3c8 ./Src/gpio.o
 .debug_frame   0x000004d4       0x94 ./Src/i2c.o
 .debug_frame   0x00000568       0x30 ./Src/main.o
 .debug_frame   0x00000598       0x34 ./Src/sysmem.o
 .debug_frame   0x000005cc       0xe4 ./Src/systick.o
 .debug_frame   0x000006b0      0x144 C:/ST/STM32CubeIDE_1.19.0/STM32CubeIDE/plugins/com.st.stm32cube.ide.mcu.externaltools.gnu-tools-for-stm32.13.3.rel1.win32_1.0.0.202411081344/tools/bin/../lib/gcc/arm-none-eabi/13.3.1/../../../../arm-none-eabi/lib/thumb/v8-m.main+fp/hard\libc_nano.a(libc_a-findfp.o)
 .debug_frame   0x000007f4       0x74 C:/ST/STM32CubeIDE_1.19.0/STM32CubeIDE/plugins/com.st.stm32cube.ide.mcu.externaltools.gnu-tools-for-stm32.13.3.rel1.win32_1.0.0.202411081344/tools/bin/../lib/gcc/arm-none-eabi/13.3.1/../../../../arm-none-eabi/lib/thumb/v8-m.main+fp/hard\libc_nano.a(libc_a-sprintf.o)
 .debug_frame   0x00000868       0x4c C:/ST/STM32CubeIDE_1.19.0/STM32CubeIDE/plugins/com.st.stm32cube.ide.mcu.externaltools.gnu-tools-for-stm32.13.3.rel1.win32_1.0.0.202411081344/tools/bin/../lib/gcc/arm-none-eabi/13.3.1/../../../../arm-none-eabi/lib/thumb/v8-m.main+fp/hard\libc_nano.a(libc_a-vsnprintf.o)
 .debug_frame   0x000008b4       0x38 C:/ST/STM32CubeIDE_1.19.0/STM32CubeIDE/plugins/com.st.stm32cube.ide.mcu.externaltools.gnu-tools-for-stm32.13.3.rel1.win32_1.0.0.202411081344/tools/bin/../lib/gcc/arm-none-eabi/13.3.1/../../../../arm-none-eabi/lib/thumb/v8-m.main+fp/hard\libc_nano.a(libc_a-reent.o)
 .debug_frame   0x000008ec       0x20 C:/ST/STM32CubeIDE_1.19.0/STM32CubeIDE/plugins/com.st.stm32cube.ide.mcu.externaltools.gnu-tools-for-stm32.13.3.rel1.win32_1.0.0.202411081344/tools/bin/../lib/gcc/arm-none-eabi/13.3.1/../../../../arm-none-eabi/lib/thumb/v8-m.main+fp/hard\libc_nano.a(libc_a-errno.o)
 .debug_frame   0x0000090c       0x2c C:/ST/STM32CubeIDE_1.19.0/STM32CubeIDE/plugins/com.st.stm32cube.ide.mcu.externaltools.gnu-tools-for-stm32.13.3.rel1.win32_1.0.0.202411081344/tools/bin/../lib/gcc/arm-none-eabi/13.3.1/../../../../arm-none-eabi/lib/thumb/v8-m.main+fp/hard\libc_nano.a(libc_a-init.o)
 .debug_frame   0x00000938       0xb0 C:/ST/STM32CubeIDE_1.19.0/STM32CubeIDE/plugins/com.st.stm32cube.ide.mcu.externaltools.gnu-tools-for-stm32.13.3.rel1.win32_1.0.0.202411081344/tools/bin/../lib/gcc/arm-none-eabi/13.3.1/../../../../arm-none-eabi/lib/thumb/v8-m.main+fp/hard\libc_nano.a(libc_a-lock.o)
 .debug_frame   0x000009e8       0x38 C:/ST/STM32CubeIDE_1.19.0/STM32CubeIDE/plugins/com.st.stm32cube.ide.mcu.externaltools.gnu-tools-for-stm32.13.3.rel1.win32_1.0.0.202411081344/tools/bin/../lib/gcc/arm-none-eabi/13.3.1/../../../../arm-none-eabi/lib/thumb/v8-m.main+fp/hard\libc_nano.a(libc_a-freer.o)
 .debug_frame   0x00000a20       0x50 C:/ST/STM32CubeIDE_1.19.0/STM32CubeIDE/plugins/com.st.stm32cube.ide.mcu.externaltools.gnu-tools-for-stm32.13.3.rel1.win32_1.0.0.202411081344/tools/bin/../lib/gcc/arm-none-eabi/13.3.1/../../../../arm-none-eabi/lib/thumb/v8-m.main+fp/hard\libc_nano.a(libc_a-mallocr.o)
 .debug_frame   0x00000a70       0x30 C:/ST/STM32CubeIDE_1.19.0/STM32CubeIDE/plugins/com.st.stm32cube.ide.mcu.externaltools.gnu-tools-for-stm32.13.3.rel1.win32_1.0.0.202411081344/tools/bin/../lib/gcc/arm-none-eabi/13.3.1/../../../../arm-none-eabi/lib/thumb/v8-m.main+fp/hard\libc_nano.a(libc_a-mlock.o)
 .debug_frame   0x00000aa0       0x90 C:/ST/STM32CubeIDE_1.19.0/STM32CubeIDE/plugins/com.st.stm32cube.ide.mcu.externaltools.gnu-tools-for-stm32.13.3.rel1.win32_1.0.0.202411081344/tools/bin/../lib/gcc/arm-none-eabi/13.3.1/../../../../arm-none-eabi/lib/thumb/v8-m.main+fp/hard\libc_nano.a(libc_a-nano-svfprintf.o)
 .debug_frame   0x00000b30       0x60 C:/ST/STM32CubeIDE_1.19.0/STM32CubeIDE/plugins/com.st.stm32cube.ide.mcu.externaltools.gnu-tools-for-stm32.13.3.rel1.win32_1.0.0.202411081344/tools/bin/../lib/gcc/arm-none-eabi/13.3.1/../../../../arm-none-eabi/lib/thumb/v8-m.main+fp/hard\libc_nano.a(libc_a-nano-vfprintf_i.o)
 .debug_frame   0x00000b90       0x28 C:/ST/STM32CubeIDE_1.19.0/STM32CubeIDE/plugins/com.st.stm32cube.ide.mcu.externaltools.gnu-tools-for-stm32.13.3.rel1.win32_1.0.0.202411081344/tools/bin/../lib/gcc/arm-none-eabi/13.3.1/../../../../arm-none-eabi/lib/thumb/v8-m.main+fp/hard\libc_nano.a(libc_a-memmove.o)
 .debug_frame   0x00000bb8       0x2c C:/ST/STM32CubeIDE_1.19.0/STM32CubeIDE/plugins/com.st.stm32cube.ide.mcu.externaltools.gnu-tools-for-stm32.13.3.rel1.win32_1.0.0.202411081344/tools/bin/../lib/gcc/arm-none-eabi/13.3.1/../../../../arm-none-eabi/lib/thumb/v8-m.main+fp/hard\libc_nano.a(libc_a-sbrkr.o)
 .debug_frame   0x00000be4       0x28 C:/ST/STM32CubeIDE_1.19.0/STM32CubeIDE/plugins/com.st.stm32cube.ide.mcu.externaltools.gnu-tools-for-stm32.13.3.rel1.win32_1.0.0.202411081344/tools/bin/../lib/gcc/arm-none-eabi/13.3.1/../../../../arm-none-eabi/lib/thumb/v8-m.main+fp/hard\libc_nano.a(libc_a-memchr-stub.o)
 .debug_frame   0x00000c0c       0x28 C:/ST/STM32CubeIDE_1.19.0/STM32CubeIDE/plugins/com.st.stm32cube.ide.mcu.externaltools.gnu-tools-for-stm32.13.3.rel1.win32_1.0.0.202411081344/tools/bin/../lib/gcc/arm-none-eabi/13.3.1/../../../../arm-none-eabi/lib/thumb/v8-m.main+fp/hard\libc_nano.a(libc_a-memcpy-stub.o)
 .debug_frame   0x00000c34       0x3c C:/ST/STM32CubeIDE_1.19.0/STM32CubeIDE/plugins/com.st.stm32cube.ide.mcu.externaltools.gnu-tools-for-stm32.13.3.rel1.win32_1.0.0.202411081344/tools/bin/../lib/gcc/arm-none-eabi/13.3.1/../../../../arm-none-eabi/lib/thumb/v8-m.main+fp/hard\libc_nano.a(libc_a-reallocr.o)
 .debug_frame   0x00000c70       0x20 C:/ST/STM32CubeIDE_1.19.0/STM32CubeIDE/plugins/com.st.stm32cube.ide.mcu.externaltools.gnu-tools-for-stm32.13.3.rel1.win32_1.0.0.202411081344/tools/bin/../lib/gcc/arm-none-eabi/13.3.1/../../../../arm-none-eabi/lib/thumb/v8-m.main+fp/hard\libc_nano.a(libc_a-msizer.o)

.debug_line_str
                0x00000000       0x4f
 .debug_line_str
                0x00000000       0x4f ./Startup/startup_stm32l552zetxq.o
