../Src/gpio.c:14:6:GPIO_Enable	16	static
../Src/gpio.c:19:6:GPIO_PortEnable	24	static
../Src/gpio.c:28:6:GPIO_Mode	24	static
../Src/gpio.c:34:6:GPIO_Config	24	static
../Src/gpio.c:49:6:GPIO_AltFunc	32	static
../Src/gpio.c:67:12:GPIO_Input	16	static
../Src/gpio.c:72:10:GPIO_PortInput	16	static
../Src/gpio.c:77:6:GPIO_Output	24	static
../Src/gpio.c:92:6:GPIO_PortOutput	16	static
../Src/gpio.c:97:6:GPIO_Toggle	16	static
../Src/gpio.c:109:6:GPIO_Callback	24	static,ignoring_inline_asm
../Src/gpio.c:129:6:GPIO_IRQHandler	16	static
../Src/gpio.c:146:6:EXTI0_IRQHandler	8	static
../Src/gpio.c:147:6:EXTI1_IRQHandler	8	static
../Src/gpio.c:148:6:EXTI2_IRQHandler	8	static
../Src/gpio.c:149:6:EXTI3_IRQHandler	8	static
../Src/gpio.c:150:6:EXTI4_IRQHandler	8	static
../Src/gpio.c:151:6:EXTI5_IRQHandler	8	static
../Src/gpio.c:152:6:EXTI6_IRQHandler	8	static
../Src/gpio.c:153:6:EXTI7_IRQHandler	8	static
../Src/gpio.c:154:6:EXTI8_IRQHandler	8	static
../Src/gpio.c:155:6:EXTI9_IRQHandler	8	static
../Src/gpio.c:156:6:EXTI10_IRQHandler	8	static
../Src/gpio.c:157:6:EXTI11_IRQHandler	8	static
../Src/gpio.c:158:6:EXTI12_IRQHandler	8	static
../Src/gpio.c:159:6:EXTI13_IRQHandler	8	static
../Src/gpio.c:160:6:EXTI14_IRQHandler	8	static
../Src/gpio.c:161:6:EXTI15_IRQHandler	8	static
../Src/gpio.c:179:6:UpdateIOExpanders	8	static
